node.exe : npm warn Unknown user 
config "always-auth" (//packages.inf
ragistics.com/npm/js-licensed/:alway
s-auth). This will stop working in 
the next major version of npm.
At C:\Program 
Files\nodejs\npm.ps1:29 char:3
+   & $NODE_EXE $NPM_CLI_JS $args
+   ~~~~~~~~~~~~~~~~~~~~~~~~~~~~~
    + CategoryInfo          : NotSp 
   ecified: (npm warn Unknow...ver  
  sion of npm.:String) [], Remote   
 Exception
    + FullyQualifiedErrorId : Nativ 
   eCommandError
 

> vocab@0.0.0 build
> ng build

[33mΓ¥»[39m Building...
[32mΓ£ö[39m Building...
Application bundle generation failed. [4.438 seconds]

[1m[31m[31mX 
[41;31m[[41;97mERROR[41;31m][0m 
[1mTS2304: Cannot find name 
'WordRow'.[0m [1m[35m[plugin 
angular-compiler][0m

    src/app/components/list-editor/l
ist-editor.component.ts:130:9:
[37m      130 Γöé   words: 
[32mWordRow[37m[] = [{ word: '', 
definition: '' }];
          Γò╡          
[32m~~~~~~~[0m

[39m[22m
