
> vocab@0.0.0 test
> jest src/app/components/modals/math-gen-modal/math-gen-modal.component.spec.ts

  console.warn
    
        Importing "setup-jest.js" directly is deprecated. The file "setup-jest.js" will be removed in the future.
        Please use "setupZoneTestEnv" function instead. Example:
    
        // setup-jest.ts
        import { setupZoneTestEnv } from 'jest-preset-angular/setup-env/zone';
    
        setupZoneTestEnv();

    [0m[31m[1m>[22m[39m[90m 1 |[39m [36mimport[39m [32m'jest-preset-angular/setup-jest'[39m[33m;[39m
     [90m   |[39m [31m[1m^[22m[39m
     [90m 2 |[39m[0m

      at Object.<anonymous> (node_modules/jest-preset-angular/setup-jest.js:1:111)
      at Object.<anonymous> (setup-jest.ts:1:1)

